// Jest Snapshot v1, https://goo.gl/fbAQLP

exports[`AuthContainer should render a AuthContainer 1`] = `
<div
  className="AuthContainer"
>
  <div />
</div>
`;
